2026-05-12 17:21:54 [info     ] llm_provider_initialized       provider=google_vertex_ai
Running query...
2026-05-12 17:21:54 [info     ] db_changed                     new=data/northwind/northwind.sqlite old=(none)
2026-05-12 17:21:54 [info     ] rebuilding_schema_index
2026-05-12 17:21:54 [info     ] ChromaDB disabled on Windows — using direct schema lookup
2026-05-12 17:21:54 [info     ] schema_index_rebuilt           documents=114
2026-05-12 17:21:54 [info     ] schema_index_rebuilt           db_path=data/northwind/northwind.sqlite tables=13
2026-05-12 17:21:54 [info     ] arun_query_start               db=data/northwind/northwind.sqlite question=Vui lòng cung cấp báo cáo tổng doanh thu theo từng danh mục sản phẩm. session_id=default
2026-05-12 17:21:59 [info     ] orchestrator_run               question=Vui lòng cung cấp báo cáo tổng doanh thu theo từng danh mục sản phẩm.
2026-05-12 17:21:59 [info     ] table_selector_success         selected_tables=['Categories', 'Products', 'Order Details'] total_tables=13
2026-05-12 17:22:00 [info     ] column_pruner_success          tables=['Categories', 'Order Details', 'Products']
2026-05-12 17:22:01 [info     ] orchestrator_decision          confidence=1.0 intent=aggregate next=query_planner
2026-05-12 17:22:01 [info     ] query_planner_run              question=Vui lòng cung cấp báo cáo tổng doanh thu theo từng danh mục sản phẩm.
2026-05-12 17:22:03 [info     ] plan_generated                 complexity=high query_type=aggregate tables=['Order Details', 'Products', 'Categories']
2026-05-12 17:22:09 [info     ] sql_generated                  confidence=0.6 sql=SELECT T3.CategoryName, SUM(T1.UnitPrice * T1.Quantity) AS TotalRevenue FROM \"O
2026-05-12 17:22:09 [info     ] validate_tables_start          db_path=I:\AI\text_to_sql\data\chinook_vn.sqlite tables=['categories', 'products']
2026-05-12 17:22:09 [warning  ] validation_failed              issues=Table 'categories' does not exist in database; Table 'products' does not exist in database retry=0 sql=SELECT T3.CategoryName, SUM(T1.UnitPrice * T1.Quantity) AS TotalRevenue FROM \"O
2026-05-12 17:22:14 [info     ] sql_generated                  confidence=0.6 sql=SELECT T3.CategoryName, SUM(T1.UnitPrice * T1.Quantity) AS TotalRevenue FROM \"O
2026-05-12 17:22:14 [info     ] validate_tables_start          db_path=I:\AI\text_to_sql\data\chinook_vn.sqlite tables=['categories', 'products']
2026-05-12 17:22:14 [warning  ] validation_failed              issues=Table 'categories' does not exist in database; Table 'products' does not exist in database retry=1 sql=SELECT T3.CategoryName, SUM(T1.UnitPrice * T1.Quantity) AS TotalRevenue FROM \"O
2026-05-12 17:22:19 [info     ] sql_generated                  confidence=0.6 sql=SELECT T3.CategoryName, SUM(T1.UnitPrice * T1.Quantity) AS TotalRevenue FROM \"O
2026-05-12 17:22:19 [info     ] validate_tables_start          db_path=I:\AI\text_to_sql\data\chinook_vn.sqlite tables=['categories', 'products']
2026-05-12 17:22:19 [warning  ] validation_failed              issues=Table 'categories' does not exist in database; Table 'products' does not exist in database retry=2 sql=SELECT T3.CategoryName, SUM(T1.UnitPrice * T1.Quantity) AS TotalRevenue FROM \"O
2026-05-12 17:22:19 [info     ] arun_query_complete            cache_hit=False question=Vui lòng cung cấp báo cáo tổng doanh thu theo từng danh mục  sql=SELECT T3.CategoryName, SUM(T1.UnitPrice * T1.Quantity) AS T step=sql_generated
I:\AI\text_to_sql\src\agents\gemini_llm.py:18: LangChainDeprecationWarning: The class `ChatVertexAI` was deprecated in LangChain 3.2.0 and will be removed in 4.0.0. An updated version of the class exists in the `langchain-google-genai package and should be used instead. To use it run `pip install -U `langchain-google-genai` and import as `from `langchain_google_genai import ChatGoogleGenerativeAI``.
  return ChatVertexAI(
I:\AI\text_to_sql\src\rag\few_shot_retriever.py:13: LangChainDeprecationWarning: The class `VertexAIEmbeddings` was deprecated in LangChain 3.2.0 and will be removed in 4.0.0. An updated version of the class exists in the `langchain-google-genai package and should be used instead. To use it run `pip install -U `langchain-google-genai` and import as `from `langchain_google_genai import GoogleGenerativeAIEmbeddings``.
  self.embeddings = VertexAIEmbeddings(
SQL: SELECT T3.CategoryName, SUM(T1.UnitPrice * T1.Quantity) AS TotalRevenue FROM \"Order Details\" AS T1 INNER JOIN Products AS T2 ON T1.ProductID = T2.ProductID INNER JOIN Categories AS T3 ON T2.CategoryID = T3.CategoryID GROUP BY T3.CategoryName;
Error: Validation failed after 2 retries: Table 'categories' does not exist in database; Table 'products' does not exist in database
Exec Error: None
Rows: None
